&overflow.OverflowSolution{
	Transactions: map[string]*overflow.OverflowDeclarationInfo{
		"aTransaction": {
			ParameterOrder: []string{},
			Parameters:     map[string]string{},
		},
		"create_nft_collection": {
			ParameterOrder: []string{},
			Parameters:     map[string]string{},
		},
		"emulatorFoo": {
			ParameterOrder: []string{"test"},
			Parameters:     map[string]string{"test": "String"},
		},
		"mainnetFoo": {
			ParameterOrder: []string{"test"},
			Parameters:     map[string]string{"test": "String"},
		},
		"mainnetaTransaction": {
			ParameterOrder: []string{},
			Parameters:     map[string]string{},
		},
		"mainnetzTransaction": {
			ParameterOrder: []string{},
			Parameters:     map[string]string{},
		},
		"mint_tokens": {
			ParameterOrder: []string{
				"recipient",
				"amount",
			},
			Parameters: map[string]string{
				"amount":    "UFix64",
				"recipient": "Address",
			},
		},
		"signWithMultipleAccounts": {
			ParameterOrder: []string{"test"},
			Parameters:     map[string]string{"test": "String"},
		},
		"testnetFoo": {
			ParameterOrder: []string{"test"},
			Parameters:     map[string]string{"test": "String"},
		},
		"zTransaction": {
			ParameterOrder: []string{},
			Parameters:     map[string]string{},
		},
	},
	Scripts: map[string]*overflow.OverflowDeclarationInfo{
		"aScript": {
			ParameterOrder: []string{"account"},
			Parameters:     map[string]string{"account": "Address"},
		},
		"block": {
			ParameterOrder: []string{},
			Parameters:     map[string]string{},
		},
		"emulatorFoo": {
			ParameterOrder: []string{"account"},
			Parameters:     map[string]string{"account": "Address"},
		},
		"mainnetFoo": {
			ParameterOrder: []string{"account"},
			Parameters:     map[string]string{"account": "Address"},
		},
		"mainnetaScript": {
			ParameterOrder: []string{"account"},
			Parameters:     map[string]string{"account": "Address"},
		},
		"mainnetzScript": {
			ParameterOrder: []string{"account"},
			Parameters:     map[string]string{"account": "Address"},
		},
		"test": {
			ParameterOrder: []string{"account"},
			Parameters:     map[string]string{"account": "Address"},
		},
		"testnetFoo": {
			ParameterOrder: []string{"account"},
			Parameters:     map[string]string{"account": "Address"},
		},
		"type": {
			ParameterOrder: []string{},
			Parameters:     map[string]string{},
		},
		"zScript": {
			ParameterOrder: []string{"account"},
			Parameters:     map[string]string{"account": "Address"},
		},
	},
	Networks: map[string]*overflow.OverflowSolutionNetwork{
		"emulator": {
			Scripts: map[string]string{
				"aScript": `import FungibleToken from 0xee82856bf20e2aa6
// This is a generic script

pub fun main(account: Address): String {
    return getAccount(account).address.toString()
}`,
				"block": `// test script to ensure code is running
pub fun main(): UInt64 {
    let height = getCurrentBlock().height
    log(height)
    return height
}`,
				"emulatorFoo": `// test script to ensure code is running
import NonFungibleToken from 0xf8d6e0586b0a20c7

pub fun main(account: Address): String {
    return getAccount(account).address.toString()
}`,
				"mainnetFoo": `// test script to ensure code is running
import NonFungibleToken from 0xf8d6e0586b0a20c7

pub fun main(account: Address): String {
    return getAccount(account).address.toString()
}`,
				"mainnetaScript": `import FungibleToken from 0xee82856bf20e2aa6
// This is a mainnet specific script

pub fun main(account: Address): String {
    return getAccount(account).address.toString()
}`,
				"mainnetzScript": `import FungibleToken from 0xee82856bf20e2aa6
// This is a mainnet specific script

pub fun main(account: Address): String {
    return getAccount(account).address.toString()
}`,
				"test": `// test script to ensure code is running
import NonFungibleToken from 0xf8d6e0586b0a20c7

pub fun main(account: Address): String {
    return getAccount(account).address.toString()
}`,
				"testnetFoo": `// test script to ensure code is running
import NonFungibleToken from 0xf8d6e0586b0a20c7

pub fun main(account: Address): String {
    return getAccount(account).address.toString()
}`,
				"type": `// test script to ensure code is running
import FlowToken from 0x0ae53cb6e3f42a79

pub fun main(): Type {
	return Type<@FlowToken.Vault>()
}`,
				"zScript": `import FungibleToken from 0xee82856bf20e2aa6
// This is a generic script

pub fun main(account: Address): String {
    return getAccount(account).address.toString()
}`,
			},
			Transactions: map[string]string{
				"aTransaction": `import FungibleToken from 0xee82856bf20e2aa6

transaction() {
  // This is a generic transaction
}`,
				"create_nft_collection": `// This transaction creates an empty NFT Collection in the signer's account
transaction {
  prepare(acct: AuthAccount) {
  }
}`,
				"emulatorFoo": `// This transaction creates an empty NFT Collection in the signer's account
transaction(test:String) {
  prepare(acct: AuthAccount) {
    log(acct)
    log(test)

 }
}`,
				"mainnetFoo": `// This transaction creates an empty NFT Collection in the signer's account
transaction(test:String) {
  prepare(acct: AuthAccount) {
    log(acct)
    log(test)

 }
}`,
				"mainnetaTransaction": `import FungibleToken from 0xee82856bf20e2aa6

transaction() {
  // This is a mainnet specific transaction
}`,
				"mainnetzTransaction": `import FungibleToken from 0xee82856bf20e2aa6

transaction() {
  // This is a mainnet specific transaction
}`,
				"mint_tokens": `import FungibleToken from 0xee82856bf20e2aa6
import FlowToken from 0x0ae53cb6e3f42a79


transaction(recipient: Address, amount: UFix64) {
    let tokenAdmin: &FlowToken.Administrator
    let tokenReceiver: &{FungibleToken.Receiver}

    prepare(signer: AuthAccount) {
        self.tokenAdmin = signer
            .borrow<&FlowToken.Administrator>(from: /storage/flowTokenAdmin)
            ?? panic("Signer is not the token admin")

        self.tokenReceiver = getAccount(recipient)
            .getCapability(/public/flowTokenReceiver)
            .borrow<&{FungibleToken.Receiver}>()
            ?? panic("Unable to borrow receiver reference")
    }

    execute {
        let minter <- self.tokenAdmin.createNewMinter(allowedAmount: amount)
        let mintedVault <- minter.mintTokens(amount: amount)

        self.tokenReceiver.deposit(from: <-mintedVault)

        destroy minter
    }
}`,
				"signWithMultipleAccounts": `// This transaction creates an empty NFT Collection in the signer's account
transaction(test:String) {
  prepare(acct: AuthAccount, account2: AuthAccount) {
    log(acct)
    log(account2)
 }
}`,
				"testnetFoo": `// This transaction creates an empty NFT Collection in the signer's account
transaction(test:String) {
  prepare(acct: AuthAccount) {
    log(acct)
    log(test)

 }
}`,
				"zTransaction": `import FungibleToken from 0xee82856bf20e2aa6

transaction() {
  // This is a generic transaction
}`,
			},
		},
		"mainnet": {
			Scripts: map[string]string{
				"aScript": `import FungibleToken from 0xf233dcee88fe0abe
// This is a generic script

pub fun main(account: Address): String {
    return getAccount(account).address.toString()
}`,
				"block": `// test script to ensure code is running
pub fun main(): UInt64 {
    let height = getCurrentBlock().height
    log(height)
    return height
}`,
				"emulatorFoo": `// test script to ensure code is running
import NonFungibleToken from 0x1d7e57aa55817448

pub fun main(account: Address): String {
    return getAccount(account).address.toString()
}`,
				"mainnetFoo": `// test script to ensure code is running
import NonFungibleToken from 0x1d7e57aa55817448

pub fun main(account: Address): String {
    return getAccount(account).address.toString()
}`,
				"mainnetaScript": `import FungibleToken from 0xf233dcee88fe0abe
// This is a mainnet specific script

pub fun main(account: Address): String {
    return getAccount(account).address.toString()
}`,
				"mainnetzScript": `import FungibleToken from 0xf233dcee88fe0abe
// This is a mainnet specific script

pub fun main(account: Address): String {
    return getAccount(account).address.toString()
}`,
				"test": `// test script to ensure code is running
import NonFungibleToken from 0x1d7e57aa55817448

pub fun main(account: Address): String {
    return getAccount(account).address.toString()
}`,
				"testnetFoo": `// test script to ensure code is running
import NonFungibleToken from 0x1d7e57aa55817448

pub fun main(account: Address): String {
    return getAccount(account).address.toString()
}`,
				"type": `// test script to ensure code is running
import FlowToken from 0x1654653399040a61

pub fun main(): Type {
	return Type<@FlowToken.Vault>()
}`,
				"zScript": `import FungibleToken from 0xf233dcee88fe0abe
// This is a generic script

pub fun main(account: Address): String {
    return getAccount(account).address.toString()
}`,
			},
			Transactions: map[string]string{
				"aTransaction": `import FungibleToken from 0xf233dcee88fe0abe

transaction() {
  // This is a generic transaction
}`,
				"create_nft_collection": `// This transaction creates an empty NFT Collection in the signer's account
transaction {
  prepare(acct: AuthAccount) {
  }
}`,
				"emulatorFoo": `// This transaction creates an empty NFT Collection in the signer's account
transaction(test:String) {
  prepare(acct: AuthAccount) {
    log(acct)
    log(test)

 }
}`,
				"mainnetFoo": `// This transaction creates an empty NFT Collection in the signer's account
transaction(test:String) {
  prepare(acct: AuthAccount) {
    log(acct)
    log(test)

 }
}`,
				"mainnetaTransaction": `import FungibleToken from 0xf233dcee88fe0abe

transaction() {
  // This is a mainnet specific transaction
}`,
				"mainnetzTransaction": `import FungibleToken from 0xf233dcee88fe0abe

transaction() {
  // This is a mainnet specific transaction
}`,
				"mint_tokens": `import FungibleToken from 0xee82856bf20e2aa6
import FlowToken from 0x0ae53cb6e3f42a79


transaction(recipient: Address, amount: UFix64) {
    let tokenAdmin: &FlowToken.Administrator
    let tokenReceiver: &{FungibleToken.Receiver}

    prepare(signer: AuthAccount) {
        self.tokenAdmin = signer
            .borrow<&FlowToken.Administrator>(from: /storage/flowTokenAdmin)
            ?? panic("Signer is not the token admin")

        self.tokenReceiver = getAccount(recipient)
            .getCapability(/public/flowTokenReceiver)
            .borrow<&{FungibleToken.Receiver}>()
            ?? panic("Unable to borrow receiver reference")
    }

    execute {
        let minter <- self.tokenAdmin.createNewMinter(allowedAmount: amount)
        let mintedVault <- minter.mintTokens(amount: amount)

        self.tokenReceiver.deposit(from: <-mintedVault)

        destroy minter
    }
}`,
				"signWithMultipleAccounts": `// This transaction creates an empty NFT Collection in the signer's account
transaction(test:String) {
  prepare(acct: AuthAccount, account2: AuthAccount) {
    log(acct)
    log(account2)
 }
}`,
				"testnetFoo": `// This transaction creates an empty NFT Collection in the signer's account
transaction(test:String) {
  prepare(acct: AuthAccount) {
    log(acct)
    log(test)

 }
}`,
				"zTransaction": `import FungibleToken from 0xf233dcee88fe0abe

transaction() {
  // This is a generic transaction
}`,
			},
		},
		"testnet": {
			Scripts: map[string]string{
				"aScript": `import FungibleToken from 0x9a0766d93b6608b7
// This is a generic script

pub fun main(account: Address): String {
    return getAccount(account).address.toString()
}`,
				"block": `// test script to ensure code is running
pub fun main(): UInt64 {
    let height = getCurrentBlock().height
    log(height)
    return height
}`,
				"emulatorFoo": `// test script to ensure code is running
import NonFungibleToken from 0x631e88ae7f1d7c20

pub fun main(account: Address): String {
    return getAccount(account).address.toString()
}`,
				"mainnetFoo": `// test script to ensure code is running
import NonFungibleToken from 0x631e88ae7f1d7c20

pub fun main(account: Address): String {
    return getAccount(account).address.toString()
}`,
				"mainnetaScript": `import FungibleToken from 0x9a0766d93b6608b7
// This is a mainnet specific script

pub fun main(account: Address): String {
    return getAccount(account).address.toString()
}`,
				"mainnetzScript": `import FungibleToken from 0x9a0766d93b6608b7
// This is a mainnet specific script

pub fun main(account: Address): String {
    return getAccount(account).address.toString()
}`,
				"test": `// test script to ensure code is running
import NonFungibleToken from 0x631e88ae7f1d7c20

pub fun main(account: Address): String {
    return getAccount(account).address.toString()
}`,
				"testnetFoo": `// test script to ensure code is running
import NonFungibleToken from 0x631e88ae7f1d7c20

pub fun main(account: Address): String {
    return getAccount(account).address.toString()
}`,
				"type": `// test script to ensure code is running
import FlowToken from 0x7e60df042a9c0868

pub fun main(): Type {
	return Type<@FlowToken.Vault>()
}`,
				"zScript": `import FungibleToken from 0x9a0766d93b6608b7
// This is a generic script

pub fun main(account: Address): String {
    return getAccount(account).address.toString()
}`,
			},
			Transactions: map[string]string{
				"aTransaction": `import FungibleToken from 0x9a0766d93b6608b7

transaction() {
  // This is a generic transaction
}`,
				"create_nft_collection": `// This transaction creates an empty NFT Collection in the signer's account
transaction {
  prepare(acct: AuthAccount) {
  }
}`,
				"emulatorFoo": `// This transaction creates an empty NFT Collection in the signer's account
transaction(test:String) {
  prepare(acct: AuthAccount) {
    log(acct)
    log(test)

 }
}`,
				"mainnetFoo": `// This transaction creates an empty NFT Collection in the signer's account
transaction(test:String) {
  prepare(acct: AuthAccount) {
    log(acct)
    log(test)

 }
}`,
				"mainnetaTransaction": `import FungibleToken from 0x9a0766d93b6608b7

transaction() {
  // This is a mainnet specific transaction
}`,
				"mainnetzTransaction": `import FungibleToken from 0x9a0766d93b6608b7

transaction() {
  // This is a mainnet specific transaction
}`,
				"mint_tokens": `import FungibleToken from 0xee82856bf20e2aa6
import FlowToken from 0x0ae53cb6e3f42a79


transaction(recipient: Address, amount: UFix64) {
    let tokenAdmin: &FlowToken.Administrator
    let tokenReceiver: &{FungibleToken.Receiver}

    prepare(signer: AuthAccount) {
        self.tokenAdmin = signer
            .borrow<&FlowToken.Administrator>(from: /storage/flowTokenAdmin)
            ?? panic("Signer is not the token admin")

        self.tokenReceiver = getAccount(recipient)
            .getCapability(/public/flowTokenReceiver)
            .borrow<&{FungibleToken.Receiver}>()
            ?? panic("Unable to borrow receiver reference")
    }

    execute {
        let minter <- self.tokenAdmin.createNewMinter(allowedAmount: amount)
        let mintedVault <- minter.mintTokens(amount: amount)

        self.tokenReceiver.deposit(from: <-mintedVault)

        destroy minter
    }
}`,
				"signWithMultipleAccounts": `// This transaction creates an empty NFT Collection in the signer's account
transaction(test:String) {
  prepare(acct: AuthAccount, account2: AuthAccount) {
    log(acct)
    log(account2)
 }
}`,
				"testnetFoo": `// This transaction creates an empty NFT Collection in the signer's account
transaction(test:String) {
  prepare(acct: AuthAccount) {
    log(acct)
    log(test)

 }
}`,
				"zTransaction": `import FungibleToken from 0x9a0766d93b6608b7

transaction() {
  // This is a generic transaction
}`,
			},
		},
	},
	Warnings: []string{},
}
